// Jest Snapshot v1, https://goo.gl/fbAQLP

exports[`cli should setup cli 1`] = `
Array [
  Array [
    "git-helper <command>

Commands:
  git-helper preferences        Set preferences                     [aliases: p]
  git-helper yo <name> [color]  Say yo                          [aliases: hello]

Options:
  --version  Show version number                                       [boolean]
  --help     Show help                                                 [boolean]",
  ],
  Array [],
  Array [
    "Not enough non-option arguments: got 0, need at least 1",
  ],
]
`;
