// Jest Snapshot v1, https://goo.gl/fbAQLP

exports[`commands/preferences should prompt and store preferences 1`] = `
[MockFunction] {
  "calls": Array [
    Array [
      Array [
        Object {
          "default": "GITHUB_TOKEN",
          "message": "Choose github token env var",
          "name": "githubTokenEnvVar",
          "type": "input",
        },
      ],
    ],
    Array [
      Array [
        Object {
          "default": false,
          "message": "Do you want to reset your github organisations list?",
          "name": "resetOrganisations",
          "suffix": "",
          "type": "confirm",
          "when": false,
        },
        Object {
          "default": true,
          "message": "Do you want to add github organisations?",
          "name": "addOrganisations",
          "type": "confirm",
        },
      ],
    ],
    Array [
      Array [
        Object {
          "message": "Add a github organisation",
          "name": "organisation",
          "suffix": "",
          "type": "input",
          "validate": [Function],
        },
        Object {
          "message": "Add an other organisation?",
          "name": "addMoreOrganisation",
          "type": "confirm",
        },
      ],
    ],
    Array [
      Array [
        Object {
          "message": "Add a github organisation",
          "name": "organisation",
          "suffix": " ([33mboilerz[39m)",
          "type": "input",
          "validate": [Function],
        },
        Object {
          "message": "Add an other organisation?",
          "name": "addMoreOrganisation",
          "type": "confirm",
        },
      ],
    ],
  ],
  "results": Array [
    Object {
      "type": "return",
      "value": Promise {},
    },
    Object {
      "type": "return",
      "value": Promise {},
    },
    Object {
      "type": "return",
      "value": Promise {},
    },
    Object {
      "type": "return",
      "value": Promise {},
    },
  ],
}
`;
